Terraform Apply
[0m[1mInitializing modules...[0m
[0m[1mInitializing provider plugins found in the configuration...[0m
- Reusing previous version of hashicorp/aws from the dependency lock file
- Using previously-installed hashicorp/aws v6.53.0

[0m[1mInitializing the backend...[0m

[0m[1mInitializing provider plugins found in the state...[0m
- Reusing previous version of hashicorp/aws
- Using previously-installed hashicorp/aws v6.53.0


[0m[1m[32mTerraform has been successfully initialized![0m[32m[0m
[0m[32m
You may now begin working with Terraform. Try running "terraform plan" to see
any changes that are required for your infrastructure. All Terraform commands
should now work.

If you ever set or change modules or backend configuration for Terraform,
rerun this command to reinitialize your working directory. If you forget, other
commands will detect it and remind you to do so if necessary.[0m
[0m[1mdata.aws_ami.ubuntu: Reading...[0m[0m
[0m[1mmodule.server_sg.aws_security_group.this: Refreshing state... [id=sg-0aec79c9a3473f653][0m
[0m[1mdata.aws_ami.ubuntu: Read complete after 1s [id=ami-0d28727121d5d4a3c][0m
[0m[1mmodule.app_server["logs"].aws_instance.this: Refreshing state... [id=i-0d136a62a206d6540][0m
[0m[1mmodule.app_server["payments"].aws_instance.this: Refreshing state... [id=i-01c1e225f85fc1ac9][0m
[0m[1mmodule.app_server["api"].aws_instance.this: Refreshing state... [id=i-0a30769fe9ad07c10][0m

[0m[1m[32mNo changes.[0m[1m Your infrastructure matches the configuration.[0m

[0mTerraform has compared your real infrastructure against your configuration
and found no differences, so no changes are needed.
[0m[1m[32m
Apply complete! Resources: 0 added, 0 changed, 0 destroyed.[0m
[0m[1m[32m
Outputs:

[0mapi_server_ip = "54.224.65.176"
logs_server_ip = "34.229.39.92"
payments_server_ip = "54.224.249.48"
Generating Inventory
Running Ansible

PLAY [Configure KijaniKiosk servers] *******************************************

TASK [Gathering Facts] *********************************************************
ok: [logs-staging]
ok: [api-staging]
ok: [payments-staging]

TASK [Gather service facts] ****************************************************
ok: [logs-staging]
ok: [api-staging]
ok: [payments-staging]

TASK [Update apt cache] ********************************************************
ok: [payments-staging]
changed: [api-staging]
changed: [logs-staging]

TASK [Install required packages] ***********************************************
ok: [payments-staging]
ok: [api-staging]
ok: [logs-staging]

TASK [Create kijanikiosk system group] *****************************************
changed: [logs-staging]
changed: [payments-staging]
changed: [api-staging]

TASK [Create service account] **************************************************
changed: [payments-staging]
changed: [api-staging]
changed: [logs-staging]

TASK [Create application directory tree] ***************************************
changed: [logs-staging] => (item={'path': '/opt/kijanikiosk', 'mode': '0755'})
changed: [payments-staging] => (item={'path': '/opt/kijanikiosk', 'mode': '0755'})
changed: [api-staging] => (item={'path': '/opt/kijanikiosk', 'mode': '0755'})
changed: [logs-staging] => (item={'path': '/opt/kijanikiosk/kk-logs', 'mode': '0755'})
changed: [payments-staging] => (item={'path': '/opt/kijanikiosk/kk-payments', 'mode': '0755'})
changed: [api-staging] => (item={'path': '/opt/kijanikiosk/kk-api', 'mode': '0755'})
changed: [payments-staging] => (item={'path': '/etc/kk-payments', 'mode': '0750'})
changed: [logs-staging] => (item={'path': '/etc/kk-logs', 'mode': '0750'})
changed: [api-staging] => (item={'path': '/etc/kk-api', 'mode': '0750'})
changed: [api-staging] => (item={'path': '/var/lib/kk-api', 'mode': '0750'})
changed: [payments-staging] => (item={'path': '/var/lib/kk-payments', 'mode': '0750'})
changed: [logs-staging] => (item={'path': '/var/lib/kk-logs', 'mode': '0750'})
changed: [api-staging] => (item={'path': '/var/log/kk-api', 'mode': '0750'})
changed: [payments-staging] => (item={'path': '/var/log/kk-payments', 'mode': '0750'})
changed: [logs-staging] => (item={'path': '/var/log/kk-logs', 'mode': '0750'})

TASK [Deploy systemd unit file] ************************************************
changed: [api-staging]
changed: [payments-staging]
changed: [logs-staging]

TASK [Flush systemd reload before enabling service] ****************************

TASK [Flush systemd reload before enabling service] ****************************

TASK [Flush systemd reload before enabling service] ****************************

RUNNING HANDLER [Reload systemd] ***********************************************
ok: [api-staging]
ok: [logs-staging]
ok: [payments-staging]

RUNNING HANDLER [Restart service] **********************************************
skipping: [api-staging]
skipping: [payments-staging]
skipping: [logs-staging]

TASK [Refresh service facts after unit deployment] *****************************
ok: [payments-staging]
ok: [api-staging]
ok: [logs-staging]

TASK [Enable service] **********************************************************
changed: [payments-staging]
changed: [logs-staging]
changed: [api-staging]

TASK [Set ufw default deny incoming] *******************************************
changed: [payments-staging]
changed: [api-staging]
changed: [logs-staging]

TASK [Allow SSH] ***************************************************************
changed: [logs-staging]
changed: [payments-staging]
changed: [api-staging]

TASK [Allow service port on loopback only] *************************************
changed: [api-staging]
changed: [logs-staging]
changed: [payments-staging]

TASK [Create persistent journal directory] *************************************
ok: [payments-staging]
ok: [api-staging]
ok: [logs-staging]

TASK [Deploy logrotate configuration] ******************************************
changed: [payments-staging]
changed: [logs-staging]
changed: [api-staging]

PLAY RECAP *********************************************************************
api-staging                : ok=16   changed=10   unreachable=0    failed=0    skipped=1    rescued=0    ignored=0   
logs-staging               : ok=16   changed=10   unreachable=0    failed=0    skipped=1    rescued=0    ignored=0   
payments-staging           : ok=16   changed=9    unreachable=0    failed=0    skipped=1    rescued=0    ignored=0   

Pipeline Complete
