# data.aws_ami.ubuntu:
data "aws_ami" "ubuntu" {
    architecture          = "x86_64"
    arn                   = "arn:aws:ec2:us-east-1::image/ami-0d28727121d5d4a3c"
    block_device_mappings = [
        {
            device_name  = "/dev/sda1"
            ebs          = {
                "delete_on_termination"      = "true"
                "encrypted"                  = "false"
                "iops"                       = "0"
                "snapshot_id"                = "snap-0e807a2115826ffd2"
                "throughput"                 = "0"
                "volume_initialization_rate" = "0"
                "volume_size"                = "8"
                "volume_type"                = "gp2"
            }
            no_device    = [90mnull[0m[0m
            virtual_name = [90mnull[0m[0m
        },
        {
            device_name  = "/dev/sdb"
            ebs          = {}
            no_device    = [90mnull[0m[0m
            virtual_name = "ephemeral0"
        },
        {
            device_name  = "/dev/sdc"
            ebs          = {}
            no_device    = [90mnull[0m[0m
            virtual_name = "ephemeral1"
        },
    ]
    boot_mode             = "uefi-preferred"
    creation_date         = "2026-07-02T06:54:42.000Z"
    deprecation_time      = "2028-07-02T06:54:42.000Z"
    description           = "Canonical, Ubuntu, 22.04, amd64 jammy image"
    ena_support           = true
    hypervisor            = "xen"
    id                    = "ami-0d28727121d5d4a3c"
    image_id              = "ami-0d28727121d5d4a3c"
    image_location        = "amazon/ubuntu/images/hvm-ssd/ubuntu-jammy-22.04-amd64-server-20260702"
    image_owner_alias     = "amazon"
    image_type            = "machine"
    imds_support          = [90mnull[0m[0m
    include_deprecated    = false
    kernel_id             = [90mnull[0m[0m
    last_launched_time    = [90mnull[0m[0m
    most_recent           = true
    name                  = "ubuntu/images/hvm-ssd/ubuntu-jammy-22.04-amd64-server-20260702"
    owner_id              = "099720109477"
    owners                = [
        "099720109477",
    ]
    platform              = [90mnull[0m[0m
    platform_details      = "Linux/UNIX"
    product_codes         = []
    public                = true
    ramdisk_id            = [90mnull[0m[0m
    region                = "us-east-1"
    root_device_name      = "/dev/sda1"
    root_device_type      = "ebs"
    root_snapshot_id      = "snap-0e807a2115826ffd2"
    sriov_net_support     = "simple"
    state                 = "available"
    state_reason          = {
        "code"    = "UNSET"
        "message" = "UNSET"
    }
    tags                  = {}
    tpm_support           = [90mnull[0m[0m
    usage_operation       = "RunInstances"
    virtualization_type   = "hvm"

    filter {
        name   = "name"
        values = [
            "ubuntu/images/hvm-ssd/ubuntu-jammy-22.04-amd64-server-*",
        ]
    }
    filter {
        name   = "virtualization-type"
        values = [
            "hvm",
        ]
    }
}

# aws_instance.kijanikiosk_api:
resource "aws_instance" "kijanikiosk_api" {
    ami                                  = "ami-0d28727121d5d4a3c"
    arn                                  = "arn:aws:ec2:us-east-1:696741019132:instance/i-095ad4e021c1e62c6"
    associate_public_ip_address          = true
    availability_zone                    = "us-east-1d"
    disable_api_stop                     = false
    disable_api_termination              = false
    ebs_optimized                        = false
    force_destroy                        = false
    get_password_data                    = false
    hibernation                          = false
    host_id                              = [90mnull[0m[0m
    iam_instance_profile                 = [90mnull[0m[0m
    id                                   = "i-095ad4e021c1e62c6"
    instance_initiated_shutdown_behavior = "stop"
    instance_lifecycle                   = [90mnull[0m[0m
    instance_state                       = "running"
    instance_type                        = "t3.micro"
    ipv6_address_count                   = 0
    ipv6_addresses                       = []
    key_name                             = "main-key"
    monitoring                           = false
    outpost_arn                          = [90mnull[0m[0m
    password_data                        = [90mnull[0m[0m
    placement_group                      = [90mnull[0m[0m
    placement_group_id                   = [90mnull[0m[0m
    placement_partition_number           = 0
    primary_network_interface_id         = "eni-0a1f5b4b1190b605a"
    private_dns                          = "ip-172-31-35-66.ec2.internal"
    private_ip                           = "172.31.35.66"
    public_dns                           = "ec2-98-94-106-195.compute-1.amazonaws.com"
    public_ip                            = "98.94.106.195"
    region                               = "us-east-1"
    secondary_private_ips                = []
    security_groups                      = [
        "default",
    ]
    source_dest_check                    = true
    spot_instance_request_id             = [90mnull[0m[0m
    subnet_id                            = "subnet-0a36534d5f1e3ea51"
    tags                                 = {
        "Environment" = "staging"
        "Name"        = "kijanikiosk-api"
    }
    tags_all                             = {
        "Environment" = "staging"
        "Name"        = "kijanikiosk-api"
    }
    tenancy                              = "default"
    user_data_replace_on_change          = false
    vpc_security_group_ids               = [
        "sg-0a0c1bd80a0ed4417",
    ]

    capacity_reservation_specification {
        capacity_reservation_preference = "open"
    }

    cpu_options {
        amd_sev_snp           = [90mnull[0m[0m
        core_count            = 1
        nested_virtualization = [90mnull[0m[0m
        threads_per_core      = 2
    }

    credit_specification {
        cpu_credits = "unlimited"
    }

    enclave_options {
        enabled = false
    }

    maintenance_options {
        auto_recovery = "default"
    }

    metadata_options {
        http_endpoint               = "enabled"
        http_protocol_ipv6          = "disabled"
        http_put_response_hop_limit = 1
        http_tokens                 = "optional"
        instance_metadata_tags      = "disabled"
    }

    primary_network_interface {
        delete_on_termination = true
        network_interface_id  = "eni-0a1f5b4b1190b605a"
    }

    private_dns_name_options {
        enable_resource_name_dns_a_record    = false
        enable_resource_name_dns_aaaa_record = false
        hostname_type                        = "ip-name"
    }

    root_block_device {
        delete_on_termination = true
        device_name           = "/dev/sda1"
        encrypted             = false
        iops                  = 100
        kms_key_id            = [90mnull[0m[0m
        tags                  = {}
        tags_all              = {}
        throughput            = 0
        volume_id             = "vol-043c9712a4699d452"
        volume_size           = 8
        volume_type           = "gp2"
    }
}
