ubuntu@devops-week3-monday:~/shared$ sudo ./kijanikiosk-provision2.sh                         
[INFO] 2026-06-25 08:14:27 - Running pre-flight checks...                                     
[INFO] 2026-06-25 08:14:27 - Ubuntu detected: 26.04                                           
[INFO] 2026-06-25 08:14:27 - Detected Ubuntu 26.04 (resolute)                                 
[INFO] 2026-06-25 08:14:27 - Phase 1: Package Installation                                    
Reading package lists... Done                                                                 
Building dependency tree... Done                                                              
Reading state information... Done                                                             
acl is already the newest version (2.3.2-2).                                                  
curl is already the newest version (8.18.0-1ubuntu2.1).                                       
ufw is already the newest version (0.36.2-9build1).                                           
logrotate is already the newest version (3.22.0-1build1).                                     
gnupg is already the newest version (2.4.8-4ubuntu3).                                         
Solving dependencies... Done                                                                  
0 upgraded, 0 newly installed, 0 to remove and 9 not upgraded.                                
Reading package lists... Done                                                                 
Building dependency tree... Done                                                              
Reading state information... Done                                                             
nginx is already the newest version (1.28.3-2ubuntu1.6).                                      
Solving dependencies... Done                                                                  
0 upgraded, 0 newly installed, 0 to remove and 9 not upgraded.                                
nginx was already set on hold.                                                                
Reading package lists... Done                                                                 
Building dependency tree... Done                                                              
Reading state information... Done                                                             
nginx is already the newest version (1.28.3-2ubuntu1.6).                                      
Solving dependencies... Done                                                                  
0 upgraded, 0 newly installed, 0 to remove and 9 not upgraded.                                
nginx was already set on hold.                                                                
Reading package lists... Done
Building dependency tree... Done
Reading state information... Done
nodejs is already the newest version (22.22.1+dfsg+~cs22.19.15-1ubuntu1).
Solving dependencies... Done
0 upgraded, 0 newly installed, 0 to remove and 9 not upgraded.
nodejs was already set on hold.
[INFO] 2026-06-25 08:14:34 - Phase 2: Creating Service Accounts
usermod: no changes
usermod: no changes
usermod: no changes
[INFO] 2026-06-25 08:14:34 - Phase 3: Directory Structure
[INFO] 2026-06-25 08:14:34 - Directories have been set up
[INFO] 2026-06-25 08:14:34 - Phase 5: Firewall Configuration
Backing up 'user.rules' to '/etc/ufw/user.rules.20260625_081434'
Backing up 'before.rules' to '/etc/ufw/before.rules.20260625_081434'
Backing up 'after.rules' to '/etc/ufw/after.rules.20260625_081434'
Backing up 'user6.rules' to '/etc/ufw/user6.rules.20260625_081434'
Backing up 'before6.rules' to '/etc/ufw/before6.rules.20260625_081434'
Backing up 'after6.rules' to '/etc/ufw/after6.rules.20260625_081434'

Default incoming policy changed to 'deny'
(be sure to update your rules accordingly)
Default outgoing policy changed to 'allow'
(be sure to update your rules accordingly)
Rules updated
Rules updated (v6)
Rules updated
Rules updated (v6)
Rules updated
Rules updated (v6)
Rules updated
Rules updated
Rules updated (v6)
Firewall is active and enabled on system startup
[INFO] 2026-06-25 08:14:36 - UFW enabled successfully
[INFO] 2026-06-25 08:14:36 - Phase 7: Journal Persistence & Log Rotation
[INFO] 2026-06-25 08:14:36 - journald configured for persistent storage 500MB cap
[INFO] 2026-06-25 08:14:36 - logrotate configuration written
[INFO] 2026-06-25 08:14:36 - logrotate configuration verification passed
[INFO] 2026-06-25 08:14:36 - Phase 8: Monitoring Health Checks
[INFO] 2026-06-25 08:14:37 - Health check file created: /opt/kijanikiosk/health/last-provision
.json
[INFO] 2026-06-25 08:14:37 - Running full system verification...
[PASS] Nginx installed
uid=999(kk-api) gid=1001(kijanikiosk) groups=1001(kijanikiosk)
[PASS] User exists: kk-api
uid=997(kk-payments) gid=1001(kijanikiosk) groups=1001(kijanikiosk)
[PASS] User exists: kk-payments
uid=994(kk-logs) gid=1001(kijanikiosk) groups=1001(kijanikiosk)
[PASS] User exists: kk-logs
enabled
[PASS] kk-api enabled
enabled
[PASS] kk-payments enabled
enabled
[PASS] kk-logs enabled
[PASS] journald persistent
[PASS] journald capped
[PASS] health file exists
[PASS] health file readable
[PASS] health file has content
[INFO] 2026-06-25 08:14:37 - All verification checks passed
[INFO] 2026-06-25 08:14:37 - Provisioning completed successfully.
